// Jest Snapshot v1, https://goo.gl/fbAQLP

exports[`snapshot Testing Button snapshot 1`] = `"<div class=\\"btn-container\\"><button data-testid=\\"button-element\\"></button></div>"`;
